// Jest Snapshot v1, https://goo.gl/fbAQLP

exports[`ListProofRequests Component Renders correctly 1`] = `
<RNCSafeAreaView
  edges={
    Array [
      "left",
      "right",
    ]
  }
  style={
    Object {
      "elevation": 5,
      "flexGrow": 1,
      "margin": 24,
    }
  }
>
  <RCTScrollView
    ListEmptyComponent={[Function]}
    data={Array []}
    getItem={[Function]}
    getItemCount={[Function]}
    keyExtractor={[Function]}
    onContentSizeChange={[Function]}
    onLayout={[Function]}
    onMomentumScrollBegin={[Function]}
    onMomentumScrollEnd={[Function]}
    onScroll={[Function]}
    onScrollBeginDrag={[Function]}
    onScrollEndDrag={[Function]}
    removeClippedSubviews={false}
    renderItem={[Function]}
    scrollEventThrottle={50}
    stickyHeaderIndices={Array []}
    style={
      Object {
        "backgroundColor": "#000000",
      }
    }
    viewabilityConfigCallbackPairs={Array []}
  >
    <View>
      <View
        style={
          Object {
            "backgroundColor": "#000000",
            "height": "100%",
            "paddingTop": 100,
          }
        }
      >
        <
          fill="#FFFFFF"
          height={100}
        />
        <Text
          style={
            Array [
              Object {
                "color": "#FFFFFF",
                "fontSize": 18,
                "fontWeight": "normal",
              },
              Object {
                "textAlign": "center",
              },
            ]
          }
          testID="com.ariesbifold:id/NoneYet"
        >
          Verifier.EmptyList
        </Text>
      </View>
    </View>
  </RCTScrollView>
</RNCSafeAreaView>
`;
