// Jest Snapshot v1, https://goo.gl/fbAQLP

exports[`ListContacts Screen Renders correctly 1`] = `
<View>
  <RCTScrollView
    ItemSeparatorComponent={[Function]}
    ListEmptyComponent={[Function]}
    data={Array []}
    getItem={[Function]}
    getItemCount={[Function]}
    keyExtractor={[Function]}
    onContentSizeChange={[Function]}
    onLayout={[Function]}
    onMomentumScrollBegin={[Function]}
    onMomentumScrollEnd={[Function]}
    onScroll={[Function]}
    onScrollBeginDrag={[Function]}
    onScrollEndDrag={[Function]}
    removeClippedSubviews={false}
    renderItem={[Function]}
    scrollEventThrottle={50}
    showsVerticalScrollIndicator={false}
    stickyHeaderIndices={Array []}
    style={
      Object {
        "backgroundColor": "#313132",
      }
    }
    viewabilityConfigCallbackPairs={Array []}
  >
    <View>
      <View
        style={
          Object {
            "alignItems": "center",
            "backgroundColor": "#000000",
            "flex": 1,
            "height": "100%",
            "justifyContent": "center",
            "padding": 40,
            "paddingTop": 100,
          }
        }
      >
        <
          fill="#FFFFFF"
          height={120}
        />
        <Text
          style={
            Array [
              Object {
                "color": "#FFFFFF",
                "fontSize": 26,
                "fontWeight": "bold",
              },
              Object {
                "marginTop": 10,
                "textAlign": "center",
              },
              Object {
                "marginTop": 30,
              },
            ]
          }
        >
          Contacts.EmptyList
        </Text>
        <Text
          style={
            Array [
              Object {
                "color": "#FFFFFF",
                "fontSize": 18,
                "fontWeight": "normal",
              },
              Object {
                "marginTop": 10,
                "textAlign": "center",
              },
            ]
          }
        >
          Contacts.PeopleAndOrganizations
        </Text>
        <Text
          accessibilityLabel="Contacts.WhatAreContacts"
          accessibilityRole="link"
          accessible={true}
          onPress={[Function]}
          style={
            Array [
              Object {
                "alignSelf": "flex-start",
                "color": "#FFFFFF",
                "fontSize": 18,
                "fontWeight": "normal",
                "textDecorationLine": "underline",
              },
              Object {
                "alignSelf": "center",
                "marginTop": 10,
                "textAlign": "center",
              },
            ]
          }
          testID="com.ariesbifold:id/Contacts.WhatAreContacts"
        >
          Contacts.WhatAreContacts
        </Text>
      </View>
    </View>
  </RCTScrollView>
</View>
`;
