// Jest Snapshot v1, https://goo.gl/fbAQLP

exports[`Onboarding Renders correctly 1`] = `
<RNCSafeAreaView
  edges={
    Array [
      "left",
      "right",
      "bottom",
    ]
  }
  style={
    Object {
      "alignItems": "center",
      "backgroundColor": "#000000",
      "flex": 1,
    }
  }
>
  <RCTScrollView
    data={
      Array [
        <ScrollView
          style={
            Object {
              "padding": 20,
            }
          }
        >
          <View
            style={
              Object {
                "alignItems": "center",
              }
            }
          >
            <
              fill="#FFFFFF"
              height={180}
              width={180}
            />
          </View>
          <View
            style={
              Object {
                "marginBottom": 20,
              }
            }
          >
            <Text
              style={
                Array [
                  Object {
                    "color": "#FFFFFF",
                    "fontSize": 32,
                    "fontWeight": "bold",
                  },
                  Object {
                    "fontSize": 18,
                  },
                ]
              }
              testID="com.ariesbifold:id/HeaderText"
            >
              Onboarding.Page1Title
            </Text>
            <Text
              style={
                Array [
                  Object {
                    "color": "#FFFFFF",
                    "flexShrink": 1,
                    "fontSize": 18,
                    "fontWeight": "normal",
                  },
                  Object {
                    "marginTop": 25,
                  },
                ]
              }
              testID="com.ariesbifold:id/BodyText"
            >
              Onboarding.Page1Body
            </Text>
          </View>
        </ScrollView>,
        <ScrollView
          style={
            Object {
              "padding": 20,
            }
          }
        >
          <View
            style={
              Object {
                "alignItems": "center",
              }
            }
          >
            <
              fill="#FFFFFF"
              height={180}
              width={180}
            />
          </View>
          <View
            style={
              Object {
                "marginBottom": 20,
              }
            }
          >
            <Text
              style={
                Array [
                  Object {
                    "color": "#FFFFFF",
                    "fontSize": 32,
                    "fontWeight": "bold",
                  },
                  Object {
                    "fontSize": 18,
                  },
                ]
              }
              testID="com.ariesbifold:id/HeaderText"
            >
              Onboarding.Page2Title
            </Text>
            <Text
              style={
                Array [
                  Object {
                    "color": "#FFFFFF",
                    "flexShrink": 1,
                    "fontSize": 18,
                    "fontWeight": "normal",
                  },
                  Object {
                    "marginTop": 25,
                  },
                ]
              }
              testID="com.ariesbifold:id/BodyText"
            >
              Onboarding.Page2Body
            </Text>
          </View>
        </ScrollView>,
        <React.Fragment>
          <ScrollView
            style={
              Object {
                "padding": 20,
              }
            }
          >
            <View
              style={
                Object {
                  "alignItems": "center",
                }
              }
            >
              <
                fill="#FFFFFF"
                height={180}
                width={180}
              />
            </View>
            <View
              style={
                Object {
                  "marginBottom": 20,
                }
              }
            >
              <Text
                style={
                  Array [
                    Object {
                      "color": "#FFFFFF",
                      "fontSize": 32,
                      "fontWeight": "bold",
                    },
                    Object {
                      "fontSize": 18,
                    },
                  ]
                }
                testID="com.ariesbifold:id/HeaderText"
              >
                Onboarding.Page3Title
              </Text>
              <Text
                style={
                  Array [
                    Object {
                      "color": "#FFFFFF",
                      "flexShrink": 1,
                      "fontSize": 18,
                      "fontWeight": "normal",
                    },
                    Object {
                      "marginTop": 25,
                    },
                  ]
                }
                testID="com.ariesbifold:id/BodyText"
              >
                Onboarding.Page3Body
              </Text>
            </View>
          </ScrollView>
          <View
            style={
              Object {
                "margin": 20,
                "marginTop": "auto",
              }
            }
          >
            <ForwardRef
              accessibilityLabel="Global.GetStarted"
              buttonType={1}
              onPress={[Function]}
              testID="com.ariesbifold:id/GetStarted"
              title="Global.GetStarted"
            />
          </View>
        </React.Fragment>,
      ]
    }
    getItem={[Function]}
    getItemCount={[Function]}
    horizontal={true}
    keyExtractor={[Function]}
    onContentSizeChange={[Function]}
    onLayout={[Function]}
    onMomentumScrollBegin={[Function]}
    onMomentumScrollEnd={[Function]}
    onScroll={[Function]}
    onScrollBeginDrag={[Function]}
    onScrollEndDrag={[Function]}
    onViewableItemsChanged={[Function]}
    pagingEnabled={true}
    removeClippedSubviews={false}
    renderItem={[Function]}
    scrollEventThrottle={16}
    showsHorizontalScrollIndicator={false}
    stickyHeaderIndices={Array []}
    style={
      Array [
        Object {
          "width": 750,
        },
      ]
    }
    viewabilityConfig={
      Object {
        "viewAreaCoveragePercentThreshold": 60,
      }
    }
    viewabilityConfigCallbackPairs={
      Array [
        Object {
          "onViewableItemsChanged": [Function],
          "viewabilityConfig": Object {
            "viewAreaCoveragePercentThreshold": 60,
          },
        },
      ]
    }
  >
    <View>
      <View
        onLayout={[Function]}
        style={
          Array [
            Object {
              "flexDirection": "row",
            },
            null,
          ]
        }
      >
        <View
          style={
            Array [
              Object {
                "width": 750,
              },
              Object {
                "backgroundColor": "#000000",
                "flexDirection": "column",
              },
            ]
          }
        >
          <RCTScrollView
            style={
              Object {
                "padding": 20,
              }
            }
          >
            <View>
              <View
                style={
                  Object {
                    "alignItems": "center",
                  }
                }
              >
                <
                  fill="#FFFFFF"
                  height={180}
                  width={180}
                />
              </View>
              <View
                style={
                  Object {
                    "marginBottom": 20,
                  }
                }
              >
                <Text
                  style={
                    Array [
                      Object {
                        "color": "#FFFFFF",
                        "fontSize": 32,
                        "fontWeight": "bold",
                      },
                      Object {
                        "fontSize": 18,
                      },
                    ]
                  }
                  testID="com.ariesbifold:id/HeaderText"
                >
                  Onboarding.Page1Title
                </Text>
                <Text
                  style={
                    Array [
                      Object {
                        "color": "#FFFFFF",
                        "flexShrink": 1,
                        "fontSize": 18,
                        "fontWeight": "normal",
                      },
                      Object {
                        "marginTop": 25,
                      },
                    ]
                  }
                  testID="com.ariesbifold:id/BodyText"
                >
                  Onboarding.Page1Body
                </Text>
              </View>
            </View>
          </RCTScrollView>
        </View>
      </View>
      <View
        onLayout={[Function]}
        style={
          Array [
            Object {
              "flexDirection": "row",
            },
            null,
          ]
        }
      >
        <View
          style={
            Array [
              Object {
                "width": 750,
              },
              Object {
                "backgroundColor": "#000000",
                "flexDirection": "column",
              },
            ]
          }
        >
          <RCTScrollView
            style={
              Object {
                "padding": 20,
              }
            }
          >
            <View>
              <View
                style={
                  Object {
                    "alignItems": "center",
                  }
                }
              >
                <
                  fill="#FFFFFF"
                  height={180}
                  width={180}
                />
              </View>
              <View
                style={
                  Object {
                    "marginBottom": 20,
                  }
                }
              >
                <Text
                  style={
                    Array [
                      Object {
                        "color": "#FFFFFF",
                        "fontSize": 32,
                        "fontWeight": "bold",
                      },
                      Object {
                        "fontSize": 18,
                      },
                    ]
                  }
                  testID="com.ariesbifold:id/HeaderText"
                >
                  Onboarding.Page2Title
                </Text>
                <Text
                  style={
                    Array [
                      Object {
                        "color": "#FFFFFF",
                        "flexShrink": 1,
                        "fontSize": 18,
                        "fontWeight": "normal",
                      },
                      Object {
                        "marginTop": 25,
                      },
                    ]
                  }
                  testID="com.ariesbifold:id/BodyText"
                >
                  Onboarding.Page2Body
                </Text>
              </View>
            </View>
          </RCTScrollView>
        </View>
      </View>
      <View
        onLayout={[Function]}
        style={
          Array [
            Object {
              "flexDirection": "row",
            },
            null,
          ]
        }
      >
        <View
          style={
            Array [
              Object {
                "width": 750,
              },
              Object {
                "backgroundColor": "#000000",
                "flexDirection": "column",
              },
            ]
          }
        >
          <RCTScrollView
            style={
              Object {
                "padding": 20,
              }
            }
          >
            <View>
              <View
                style={
                  Object {
                    "alignItems": "center",
                  }
                }
              >
                <
                  fill="#FFFFFF"
                  height={180}
                  width={180}
                />
              </View>
              <View
                style={
                  Object {
                    "marginBottom": 20,
                  }
                }
              >
                <Text
                  style={
                    Array [
                      Object {
                        "color": "#FFFFFF",
                        "fontSize": 32,
                        "fontWeight": "bold",
                      },
                      Object {
                        "fontSize": 18,
                      },
                    ]
                  }
                  testID="com.ariesbifold:id/HeaderText"
                >
                  Onboarding.Page3Title
                </Text>
                <Text
                  style={
                    Array [
                      Object {
                        "color": "#FFFFFF",
                        "flexShrink": 1,
                        "fontSize": 18,
                        "fontWeight": "normal",
                      },
                      Object {
                        "marginTop": 25,
                      },
                    ]
                  }
                  testID="com.ariesbifold:id/BodyText"
                >
                  Onboarding.Page3Body
                </Text>
              </View>
            </View>
          </RCTScrollView>
          <View
            style={
              Object {
                "margin": 20,
                "marginTop": "auto",
              }
            }
          >
            <View
              accessibilityLabel="Global.GetStarted"
              accessibilityState={
                Object {
                  "disabled": false,
                }
              }
              accessible={true}
              collapsable={false}
              focusable={true}
              nativeID="animatedComponent"
              onClick={[Function]}
              onResponderGrant={[Function]}
              onResponderMove={[Function]}
              onResponderRelease={[Function]}
              onResponderTerminate={[Function]}
              onResponderTerminationRequest={[Function]}
              onStartShouldSetResponder={[Function]}
              style={
                Object {
                  "backgroundColor": "#42803E",
                  "borderRadius": 4,
                  "opacity": 1,
                  "padding": 16,
                }
              }
              testID="com.ariesbifold:id/GetStarted"
            >
              <View
                style={
                  Object {
                    "alignItems": "center",
                    "flexDirection": "row",
                    "justifyContent": "center",
                  }
                }
              >
                <Text
                  style={
                    Array [
                      Object {
                        "color": "#FFFFFF",
                        "fontSize": 18,
                        "fontWeight": "bold",
                        "textAlign": "center",
                      },
                      false,
                    ]
                  }
                >
                  Global.GetStarted
                </Text>
              </View>
            </View>
          </View>
        </View>
      </View>
    </View>
  </RCTScrollView>
  <View
    style={
      Object {
        "alignItems": "center",
        "flexDirection": "row",
        "flexShrink": 1,
        "marginBottom": 30,
      }
    }
  >
    <View
      accessibilityLabel="Global.Back"
      accessible={true}
      collapsable={false}
      focusable={true}
      nativeID="animatedComponent"
      onClick={[Function]}
      onResponderGrant={[Function]}
      onResponderMove={[Function]}
      onResponderRelease={[Function]}
      onResponderTerminate={[Function]}
      onResponderTerminationRequest={[Function]}
      onStartShouldSetResponder={[Function]}
      style={
        Object {
          "opacity": 1,
        }
      }
      testID="com.ariesbifold:id/Back"
    >
      <Text
        style={
          Array [
            Object {
              "color": "#42803E",
              "fontSize": 18,
              "fontWeight": "bold",
            },
            Object {
              "color": "transparent",
              "paddingRight": 20,
            },
          ]
        }
      >
        Back
      </Text>
    </View>
    <View
      style={
        Array [
          Object {
            "alignSelf": "center",
            "bottom": 20,
            "flexDirection": "row",
            "position": "absolute",
          },
          Object {
            "position": "relative",
            "top": 0,
          },
        ]
      }
    >
      <View
        collapsable={false}
        nativeID="animatedComponent"
        style={
          Object {
            "backgroundColor": "rgba(66, 128, 62, 1)",
            "borderColor": "#42803E",
            "borderRadius": 5,
            "borderStyle": "solid",
            "borderWidth": 1,
            "height": 10,
            "marginHorizontal": 5,
            "opacity": 1,
            "transform": Array [
              Object {
                "scale": 1,
              },
            ],
            "width": 10,
          }
        }
      />
      <View
        collapsable={false}
        nativeID="animatedComponent"
        style={
          Object {
            "backgroundColor": "rgba(255, 255, 255, 1)",
            "borderColor": "#42803E",
            "borderRadius": 5,
            "borderStyle": "solid",
            "borderWidth": 1,
            "height": 10,
            "marginHorizontal": 5,
            "opacity": 1,
            "transform": Array [
              Object {
                "scale": 1,
              },
            ],
            "width": 10,
          }
        }
      />
      <View
        collapsable={false}
        nativeID="animatedComponent"
        style={
          Object {
            "backgroundColor": "rgba(255, 255, 255, 1)",
            "borderColor": "#42803E",
            "borderRadius": 5,
            "borderStyle": "solid",
            "borderWidth": 1,
            "height": 10,
            "marginHorizontal": 5,
            "opacity": 1,
            "transform": Array [
              Object {
                "scale": 1,
              },
            ],
            "width": 10,
          }
        }
      />
    </View>
    <View
      accessibilityLabel="Global.Next"
      accessible={true}
      collapsable={false}
      focusable={true}
      nativeID="animatedComponent"
      onClick={[Function]}
      onResponderGrant={[Function]}
      onResponderMove={[Function]}
      onResponderRelease={[Function]}
      onResponderTerminate={[Function]}
      onResponderTerminationRequest={[Function]}
      onStartShouldSetResponder={[Function]}
      style={
        Object {
          "opacity": 1,
        }
      }
      testID="com.ariesbifold:id/Next"
    >
      <Text
        style={
          Array [
            Object {
              "color": "#42803E",
              "fontSize": 18,
              "fontWeight": "bold",
            },
            Object {
              "color": "#42803E",
              "paddingLeft": 20,
            },
          ]
        }
      >
        Next
      </Text>
    </View>
  </View>
</RNCSafeAreaView>
`;
